Watching for file changes with StatReloader
[10/Sep/2026 16:17:49] "OPTIONS /api/v1/doctor/queue/ HTTP/1.1" 200 0
[10/Sep/2026 16:17:49] "OPTIONS /api/v1/sync/status/ HTTP/1.1" 200 0
[10/Sep/2026 16:17:49] "OPTIONS /api/v1/doctor/queue/ HTTP/1.1" 200 0
[10/Sep/2026 16:17:49] "OPTIONS /api/v1/sync/status/ HTTP/1.1" 200 0
[10/Sep/2026 16:17:49] "OPTIONS /api/v1/settings/ HTTP/1.1" 200 0
[10/Sep/2026 16:17:49] "OPTIONS /api/v1/settings/ HTTP/1.1" 200 0
[10/Sep/2026 16:17:50] "GET /api/v1/sync/status/ HTTP/1.1" 200 1418
[10/Sep/2026 16:17:50] "GET /api/v1/settings/ HTTP/1.1" 200 1359
[10/Sep/2026 16:17:50] "GET /api/v1/sync/status/ HTTP/1.1" 200 1418
[10/Sep/2026 16:17:50] "GET /api/v1/settings/ HTTP/1.1" 200 1359
[10/Sep/2026 16:17:50] "GET /api/v1/doctor/queue/ HTTP/1.1" 200 34106
[10/Sep/2026 16:17:50] "GET /api/v1/doctor/queue/ HTTP/1.1" 200 34106
[10/Sep/2026 16:23:45] "GET /api/v1/settings/ HTTP/1.1" 200 1359
[10/Sep/2026 16:23:45] "GET /api/v1/sync/status/ HTTP/1.1" 200 1418
[10/Sep/2026 16:23:45] "GET /api/v1/settings/ HTTP/1.1" 200 1359
[10/Sep/2026 16:23:45] "GET /api/v1/sync/status/ HTTP/1.1" 200 1418
[10/Sep/2026 16:23:45] "GET /api/v1/doctor/queue/ HTTP/1.1" 200 34106
[10/Sep/2026 16:23:45] "GET /api/v1/doctor/queue/ HTTP/1.1" 200 34106
[10/Sep/2026 16:23:51] "OPTIONS /api/v1/auth/verify-otp/ HTTP/1.1" 200 0
[10/Sep/2026 16:23:51] "OPTIONS /api/v1/auth/switch-workspace/ HTTP/1.1" 200 0
[10/Sep/2026 16:23:51] "POST /api/v1/auth/verify-otp/ HTTP/1.1" 200 688
[10/Sep/2026 16:23:51] "POST /api/v1/auth/switch-workspace/ HTTP/1.1" 200 133
